MPLINK 5.08, LINKER
Linker Map File - Created Mon Mar 19 23:04:51 2018

                                 Section Info
                  Section       Type    Address   Location Size(Bytes)
                ---------  ---------  ---------  ---------  ---------
                   .cinit    romdata   0x000000    program   0x000002
                   .org_0       code   0x000100    program   0x000064
.config_300000_BUILD/DEFAULT/PRODUCTION/MAIN.O    romdata   0x300000    program   0x000001
.config_300001_BUILD/DEFAULT/PRODUCTION/MAIN.O    romdata   0x300001    program   0x000001
.config_300002_BUILD/DEFAULT/PRODUCTION/MAIN.O    romdata   0x300002    program   0x000001
.config_300003_BUILD/DEFAULT/PRODUCTION/MAIN.O    romdata   0x300003    program   0x000001
.config_300005_BUILD/DEFAULT/PRODUCTION/MAIN.O    romdata   0x300005    program   0x000001
.config_300006_BUILD/DEFAULT/PRODUCTION/MAIN.O    romdata   0x300006    program   0x000001
.config_300008_BUILD/DEFAULT/PRODUCTION/MAIN.O    romdata   0x300008    program   0x000001
.config_300009_BUILD/DEFAULT/PRODUCTION/MAIN.O    romdata   0x300009    program   0x000001
.config_30000A_BUILD/DEFAULT/PRODUCTION/MAIN.O    romdata   0x30000a    program   0x000001
.config_30000B_BUILD/DEFAULT/PRODUCTION/MAIN.O    romdata   0x30000b    program   0x000001
.config_30000C_BUILD/DEFAULT/PRODUCTION/MAIN.O    romdata   0x30000c    program   0x000001
.config_30000D_BUILD/DEFAULT/PRODUCTION/MAIN.O    romdata   0x30000d    program   0x000001



                              Program Memory Usage 
                               Start         End      
                           ---------   ---------      
                            0x000000    0x000001      
                            0x000100    0x000163      
                            0x300000    0x300003      
                            0x300005    0x300006      
                            0x300008    0x30000d      
            114 out of 33048 program addresses used, program memory utilization is 0%



                              Symbols - Sorted by Name
                     Name    Address   Location    Storage File                     
                ---------  ---------  ---------  --------- ---------                
              ConfigPorts   0x00012c    program     static C:\Users\ivan-\Documents\MPLAB\op_ports.X\main.asm
                     Main   0x000000    program     static C:\Users\ivan-\Documents\MPLAB\op_ports.X\main.asm
                    ciclo   0x000104    program     static C:\Users\ivan-\Documents\MPLAB\op_ports.X\main.asm
                 division   0x00015c    program     static C:\Users\ivan-\Documents\MPLAB\op_ports.X\main.asm
                  multipl   0x000152    program     static C:\Users\ivan-\Documents\MPLAB\op_ports.X\main.asm
                    resta   0x00014a    program     static C:\Users\ivan-\Documents\MPLAB\op_ports.X\main.asm
                     suma   0x000142    program     static C:\Users\ivan-\Documents\MPLAB\op_ports.X\main.asm



                              Symbols - Sorted by Address
                     Name    Address   Location    Storage File                     
                ---------  ---------  ---------  --------- ---------                
                     Main   0x000000    program     static C:\Users\ivan-\Documents\MPLAB\op_ports.X\main.asm
                    ciclo   0x000104    program     static C:\Users\ivan-\Documents\MPLAB\op_ports.X\main.asm
              ConfigPorts   0x00012c    program     static C:\Users\ivan-\Documents\MPLAB\op_ports.X\main.asm
                     suma   0x000142    program     static C:\Users\ivan-\Documents\MPLAB\op_ports.X\main.asm
                    resta   0x00014a    program     static C:\Users\ivan-\Documents\MPLAB\op_ports.X\main.asm
                  multipl   0x000152    program     static C:\Users\ivan-\Documents\MPLAB\op_ports.X\main.asm
                 division   0x00015c    program     static C:\Users\ivan-\Documents\MPLAB\op_ports.X\main.asm


