Microchip MPLAB XC8 Compiler V1.45 ()

Linker command line:

-W-3 --edf=C:\Program Files (x86)\Microchip\xc8\v1.45\dat\en_msgs.txt -cs \
  -h+dist/default/production\clock_library.X.production.sym \
  --cmf=dist/default/production\clock_library.X.production.cmf -z -Q18F4550 \
  -oC:\Users\ivan-\AppData\Local\Temp\s5t4.2 \
  -Mdist/default/production/clock_library.X.production.map -E1 -ver=XC8 \
  -ASTACK=0EBh-07ffh -pstack=STACK -ACODE=00h-07FFFh -ACONST=00h-07FFFh \
  -ASMALLCONST=0800h-08FFhx120 -AMEDIUMCONST=0800h-07FFFh -ACOMRAM=01h-05Fh \
  -AABS1=00h-07FFh -ABIGRAM=01h-07FFh -ARAM=060h-0FFh,0100h-01FFhx7 \
  -ABANK0=060h-0FFh -ABANK1=0100h-01FFh -ABANK2=0200h-02FFh \
  -ABANK3=0300h-03FFh -ABANK4=0400h-04FFh -ABANK5=0500h-05FFh \
  -ABANK6=0600h-06FFh -ABANK7=0700h-07FFh -ASFR=0F60h-0FFFh \
  -preset_vec=00h,intcode,intcodelo,powerup,init -pramtop=0800h \
  -psmallconst=SMALLCONST -pmediumconst=MEDIUMCONST -pconst=CONST \
  -AFARRAM=00h-00h -ACONFIG=0300000h-030000Dh -pconfig=CONFIG \
  -AIDLOC=0200000h-0200007h -pidloc=IDLOC -AEEDATA=0F00000h-0F000FFh \
  -peeprom_data=EEDATA \
  -prdata=COMRAM,nvrram=COMRAM,nvbit=COMRAM,rbss=COMRAM,rbit=COMRAM \
  -pfarbss=FARRAM,fardata=FARRAM,nvFARRAM=FARRAM \
  -pintsave_regs=BIGRAM,bigbss=BIGRAM,bigdata=BIGRAM -pbss=RAM \
  -pidata=CODE,irdata=CODE,ibigdata=CODE,ifardata=CODE -prparam=COMRAM \
  C:\Users\ivan-\AppData\Local\Temp\s5t4.obj \
  dist/default/production\clock_library.X.production.obj 

Object code version is 3.11

Machine type is 18F4550

Call graph: (short form)




                Name                               Link     Load   Length Selector   Space Scale
C:\Users\ivan-\AppData\Local\Temp\s5t4.obj
                init                                  0        0        4        0       0
                idloc                            200000   200000        8   200000       0
                config                           300000   300000        E   300000       0
dist/default/production\clock_library.X.production.obj
                smallconst                          800      800       C6      400       0
                text23                             18A4     18A4       2E      463       0
                text22                             1916     1916       1A      463       0
                text21                             119C     119C       B0      463       0
                text20                             17FE     17FE       42      463       0
                text19                             1660     1660       5C      463       0
                text18                             176A     176A       52      463       0
                text17                             18D2     18D2       26      463       0
                text16                             1840     1840       36      463       0
                text15                             1714     1714       56      463       0
                text14                             124C     124C       AE      463       0
                text13                             13A6     13A6       A6      463       0
                text12                              BC8      BC8      212      463       0
                text11                             10D0     10D0       CC      463       0
                text10                             12FA     12FA       AC      463       0
                text9                              14CA     14CA       70      463       0
                text8                              159E     159E       64      463       0
                text7                               DDA      DDA      20C      463       0
                text6                              144C     144C       7E      463       0
                text5                              18F8     18F8       1E      463       0
                text4                              1876     1876       2E      463       0
                text3                              16BC     16BC       58      463       0
                text2                               8C6      8C6      302      463       0
                text1                               FE6      FE6       EA      463       0
                text0                              153A     153A       64      463       0
                cstackCOMRAM                          1        1       4F        1       1
                dataBANK0                            60       60       5E       60       1
                bssBANK0                             BE       BE       2D       60       1
                bssCOMRAM                            50       50        A        1       1
                cinit                              17BC     17BC       42      463       0
                idataBANK0                         1602     1602       5E      463       0

TOTAL           Name                               Link     Load   Length     Space
        CLASS   STACK          

        CLASS   CODE           
                init                                  0        0        4         0
                text23                             18A4     18A4       2E         0
                text22                             1916     1916       1A         0
                text21                             119C     119C       B0         0
                text20                             17FE     17FE       42         0
                text19                             1660     1660       5C         0
                text18                             176A     176A       52         0
                text17                             18D2     18D2       26         0
                text16                             1840     1840       36         0
                text15                             1714     1714       56         0
                text14                             124C     124C       AE         0
                text13                             13A6     13A6       A6         0
                text12                              BC8      BC8      212         0
                text11                             10D0     10D0       CC         0
                text10                             12FA     12FA       AC         0
                text9                              14CA     14CA       70         0
                text8                              159E     159E       64         0
                text7                               DDA      DDA      20C         0
                text6                              144C     144C       7E         0
                text5                              18F8     18F8       1E         0
                text4                              1876     1876       2E         0
                text3                              16BC     16BC       58         0
                text2                               8C6      8C6      302         0
                text1                               FE6      FE6       EA         0
                text0                              153A     153A       64         0
                cinit                              17BC     17BC       42         0
                idataBANK0                         1602     1602       5E         0

        CLASS   CONST          

        CLASS   SMALLCONST     
                smallconst                          800      800       C6         0

        CLASS   MEDIUMCONST    

        CLASS   COMRAM         
                cstackCOMRAM                          1        1       4F         1
                bssCOMRAM                            50       50        A         1

        CLASS   ABS1           

        CLASS   BIGRAM         

        CLASS   RAM            

        CLASS   BANK0          
                dataBANK0                            60       60       5E         1
                bssBANK0                             BE       BE       2D         1

        CLASS   BANK1          

        CLASS   BANK2          

        CLASS   BANK3          

        CLASS   BANK4          

        CLASS   BANK5          

        CLASS   BANK6          

        CLASS   BANK7          

        CLASS   SFR            

        CLASS   FARRAM         

        CLASS   CONFIG         
                config                           300000   300000        E         0

        CLASS   IDLOC          
                idloc                            200000   200000        8         0

        CLASS   EEDATA         



SEGMENTS        Name                           Load    Length   Top    Selector   Space  Class

                reset_vec                      000000  000004  000004         0       0  CODE    
                cstackCOMRAM                   000001  000059  00005A         1       1  COMRAM  
                dataBANK0                      000060  00008B  0000EB        60       1  BANK0   
                smallconst                     000800  0000C6  0008C6       400       0  SMALLCON
                text2                          0008C6  00106A  001930       463       0  CODE    
                idloc                          200000  000008  200008    200000       0  IDLOC   
                config                         300000  00000E  30000E    300000       0  CONFIG  


UNUSED ADDRESS RANGES

        Name                Unused          Largest block    Delta
        BANK0            0000EB-0000FF               15
        BANK1            000100-0001FF              100
        BANK2            000200-0002FF              100
        BANK3            000300-0003FF              100
        BANK4            000400-0004FF              100
        BANK5            000500-0005FF              100
        BANK6            000600-0006FF              100
        BANK7            000700-0007FF              100
        BIGRAM           00005A-00005F                6
                         0000EB-0007FF              715
        CODE             000004-0007FF              7FC
                         001930-007FFF             66D0
        COMRAM           00005A-00005F                6
        CONST            000004-0007FF              7FC
                         001930-007FFF             66D0
        EEDATA           F00000-F000FF              100
        MEDIUMCONST      001930-007FFF             66D0
        RAM              0000EB-0007FF              100
        SFR              000F60-000FFF               A0
        SMALLCONST       001930-007FFF              100
        STACK            0000EB-0007FF              715

                                  Symbol Table

?___aldiv                    cstackCOMRAM 000001
?___almod                    cstackCOMRAM 000001
?___awmod                    cstackCOMRAM 000001
?___lmul                     cstackCOMRAM 000001
?___lwdiv                    cstackCOMRAM 000007
?___lwmod                    cstackCOMRAM 00000E
?___wmul                     cstackCOMRAM 000001
?_dylen                      cstackCOMRAM 000013
?_gmtime                     cstackCOMRAM 000017
?_isleap                     cstackCOMRAM 000013
?_localtime                  cstackCOMRAM 000020
?_mktime                     cstackCOMRAM 000028
?_months_to_days             cstackCOMRAM 00000E
?_printf                     cstackCOMRAM 000013
?_years_to_days              cstackCOMRAM 00000E
?_ymd_to_scalar              cstackCOMRAM 000018
_LATCbits                    (abs)        000F8B
_LATD                        (abs)        000F8C
_TRISCbits                   (abs)        000F94
_TRISD                       (abs)        000F95
__CFG_BOR$OFF                (abs)        000000
__CFG_BORV$3                 (abs)        000000
__CFG_CCP2MX$ON              (abs)        000000
__CFG_CP0$OFF                (abs)        000000
__CFG_CP1$OFF                (abs)        000000
__CFG_CP2$OFF                (abs)        000000
__CFG_CP3$OFF                (abs)        000000
__CFG_CPB$OFF                (abs)        000000
__CFG_CPD$OFF                (abs)        000000
__CFG_CPUDIV$OSC1_PLL2       (abs)        000000
__CFG_EBTR0$OFF              (abs)        000000
__CFG_EBTR1$OFF              (abs)        000000
__CFG_EBTR2$OFF              (abs)        000000
__CFG_EBTR3$OFF              (abs)        000000
__CFG_EBTRB$OFF              (abs)        000000
__CFG_FCMEN$OFF              (abs)        000000
__CFG_FOSC$HS                (abs)        000000
__CFG_ICPRT$OFF              (abs)        000000
__CFG_IESO$OFF               (abs)        000000
__CFG_LPT1OSC$OFF            (abs)        000000
__CFG_LVP$OFF                (abs)        000000
__CFG_MCLRE$ON               (abs)        000000
__CFG_PBADEN$OFF             (abs)        000000
__CFG_PLLDIV$1               (abs)        000000
__CFG_PWRT$OFF               (abs)        000000
__CFG_STVREN$ON              (abs)        000000
__CFG_USBDIV$1               (abs)        000000
__CFG_VREGEN$OFF             (abs)        000000
__CFG_WDT$OFF                (abs)        000000
__CFG_WDTPS$32768            (abs)        000000
__CFG_WRT0$OFF               (abs)        000000
__CFG_WRT1$OFF               (abs)        000000
__CFG_WRT2$OFF               (abs)        000000
__CFG_WRT3$OFF               (abs)        000000
__CFG_WRTB$OFF               (abs)        000000
__CFG_WRTC$OFF               (abs)        000000
__CFG_WRTD$OFF               (abs)        000000
__CFG_XINST$OFF              (abs)        000000
__HRAM                       (abs)        000000
__Habs1                      abs1         000000
__Hbank0                     bank0        000000
__Hbank1                     bank1        000000
__Hbank2                     bank2        000000
__Hbank3                     bank3        000000
__Hbank4                     bank4        000000
__Hbank5                     bank5        000000
__Hbank6                     bank6        000000
__Hbank7                     bank7        000000
__Hbigbss                    bigbss       000000
__Hbigdata                   bigdata      000000
__Hbigram                    bigram       000000
__Hbss                       bss          000000
__HbssBANK0                  bssBANK0     000000
__HbssCOMRAM                 bssCOMRAM    000000
__Hcinit                     cinit        000000
__Hclrtext                   clrtext      000000
__Hcomram                    comram       000000
__Hconfig                    config       30000E
__Hconst                     const        000000
__HcstackCOMRAM              cstackCOMRAM 000000
__Hdata                      data         000000
__HdataBANK0                 dataBANK0    000000
__Heeprom_data               eeprom_data  000000
__Hfarbss                    farbss       000000
__Hfardata                   fardata      000000
__Hibigdata                  ibigdata     000000
__Hidata                     idata        000000
__HidataBANK0                idataBANK0   000000
__Hidloc                     idloc        200008
__Hifardata                  ifardata     000000
__Hinit                      init         000004
__Hintcode                   intcode      000000
__Hintcode_body              intcode_body 000000
__Hintcodelo                 intcodelo    000000
__Hintentry                  intentry     000000
__Hintret                    intret       000000
__Hintsave_regs              intsave_regs 000000
__Hirdata                    irdata       000000
__Hmediumconst               mediumconst  000000
__HnvFARRAM                  nvFARRAM     000000
__Hnvbit                     nvbit        000000
__Hnvrram                    nvrram       000000
__Hparam                     rparam       000000
__Hpowerup                   powerup      000000
__Hram                       ram          000000
__Hramtop                    ramtop       000800
__Hrbit                      rbit         000000
__Hrbss                      rbss         000000
__Hrdata                     rdata        000000
__Hreset_vec                 reset_vec    000000
__Hrparam                    rparam       000000
__Hsfr                       sfr          000000
__Hsmallconst                smallconst   0008C6
__Hspace_0                   (abs)        30000E
__Hspace_1                   (abs)        0000EB
__Hspace_2                   (abs)        000000
__Hstack                     stack        000000
__Hstruct                    struct       000000
__Htemp                      temp         000000
__Htext                      text         000000
__Htext0                     text0        000000
__Htext1                     text1        000000
__Htext10                    text10       000000
__Htext11                    text11       000000
__Htext12                    text12       000000
__Htext13                    text13       000000
__Htext14                    text14       000000
__Htext15                    text15       000000
__Htext16                    text16       000000
__Htext17                    text17       000000
__Htext18                    text18       000000
__Htext19                    text19       000000
__Htext2                     text2        000000
__Htext20                    text20       000000
__Htext21                    text21       000000
__Htext22                    text22       000000
__Htext23                    text23       000000
__Htext3                     text3        000000
__Htext4                     text4        000000
__Htext5                     text5        000000
__Htext6                     text6        000000
__Htext7                     text7        000000
__Htext8                     text8        000000
__Htext9                     text9        000000
__LRAM                       (abs)        000001
__Labs1                      abs1         000000
__Lbank0                     bank0        000000
__Lbank1                     bank1        000000
__Lbank2                     bank2        000000
__Lbank3                     bank3        000000
__Lbank4                     bank4        000000
__Lbank5                     bank5        000000
__Lbank6                     bank6        000000
__Lbank7                     bank7        000000
__Lbigbss                    bigbss       000000
__Lbigdata                   bigdata      000000
__Lbigram                    bigram       000000
__Lbss                       bss          000000
__LbssBANK0                  bssBANK0     000000
__LbssCOMRAM                 bssCOMRAM    000000
__Lcinit                     cinit        000000
__Lclrtext                   clrtext      000000
__Lcomram                    comram       000000
__Lconfig                    config       300000
__Lconst                     const        000000
__LcstackCOMRAM              cstackCOMRAM 000000
__Ldata                      data         000000
__LdataBANK0                 dataBANK0    000000
__Leeprom_data               eeprom_data  000000
__Lfarbss                    farbss       000000
__Lfardata                   fardata      000000
__Libigdata                  ibigdata     000000
__Lidata                     idata        000000
__LidataBANK0                idataBANK0   000000
__Lidloc                     idloc        200000
__Lifardata                  ifardata     000000
__Linit                      init         000000
__Lintcode                   intcode      000000
__Lintcode_body              intcode_body 000000
__Lintcodelo                 intcodelo    000000
__Lintentry                  intentry     000000
__Lintret                    intret       000000
__Lintsave_regs              intsave_regs 000000
__Lirdata                    irdata       000000
__Lmediumconst               mediumconst  000000
__LnvFARRAM                  nvFARRAM     000000
__Lnvbit                     nvbit        000000
__Lnvrram                    nvrram       000000
__Lparam                     rparam       000000
__Lpowerup                   powerup      000000
__Lram                       ram          000000
__Lramtop                    ramtop       000800
__Lrbit                      rbit         000000
__Lrbss                      rbss         000000
__Lrdata                     rdata        000000
__Lreset_vec                 reset_vec    000000
__Lrparam                    rparam       000000
__Lsfr                       sfr          000000
__Lsmallconst                smallconst   000800
__Lspace_0                   (abs)        000000
__Lspace_1                   (abs)        000000
__Lspace_2                   (abs)        000000
__Lstack                     stack        000000
__Lstruct                    struct       000000
__Ltemp                      temp         000000
__Ltext                      text         000000
__Ltext0                     text0        000000
__Ltext1                     text1        000000
__Ltext10                    text10       000000
__Ltext11                    text11       000000
__Ltext12                    text12       000000
__Ltext13                    text13       000000
__Ltext14                    text14       000000
__Ltext15                    text15       000000
__Ltext16                    text16       000000
__Ltext17                    text17       000000
__Ltext18                    text18       000000
__Ltext19                    text19       000000
__Ltext2                     text2        000000
__Ltext20                    text20       000000
__Ltext21                    text21       000000
__Ltext22                    text22       000000
__Ltext23                    text23       000000
__Ltext3                     text3        000000
__Ltext4                     text4        000000
__Ltext5                     text5        000000
__Ltext6                     text6        000000
__Ltext7                     text7        000000
__Ltext8                     text8        000000
__Ltext9                     text9        000000
__S0                         (abs)        30000E
__S1                         (abs)        0000EB
__S2                         (abs)        000000
___aldiv                     text11       0010D0
___aldiv@counter             cstackCOMRAM 000009
___aldiv@dividend            cstackCOMRAM 000001
___aldiv@divisor             cstackCOMRAM 000005
___aldiv@quotient            cstackCOMRAM 00000B
___aldiv@sign                cstackCOMRAM 00000A
___almod                     text10       0012FA
___almod@counter             cstackCOMRAM 000009
___almod@dividend            cstackCOMRAM 000001
___almod@divisor             cstackCOMRAM 000005
___almod@sign                cstackCOMRAM 00000A
___awmod                     text9        0014CA
___awmod@counter             cstackCOMRAM 000005
___awmod@dividend            cstackCOMRAM 000001
___awmod@divisor             cstackCOMRAM 000003
___awmod@sign                cstackCOMRAM 000006
___inthi_sp                  stack        000000
___intlo_sp                  stack        000000
___lmul                      text15       001714
___lmul@multiplicand         cstackCOMRAM 000005
___lmul@multiplier           cstackCOMRAM 000001
___lmul@product              cstackCOMRAM 000009
___lwdiv                     text18       00176A
___lwdiv@counter             cstackCOMRAM 00000D
___lwdiv@dividend            cstackCOMRAM 000007
___lwdiv@divisor             cstackCOMRAM 000009
___lwdiv@quotient            cstackCOMRAM 00000B
___lwmod                     text20       0017FE
___lwmod@counter             cstackCOMRAM 000012
___lwmod@dividend            cstackCOMRAM 00000E
___lwmod@divisor             cstackCOMRAM 000010
___param_bank                (abs)        000000
___rparam_used               (abs)        000001
___sp                        stack        000000
___wmul                      text17       0018D2
___wmul@multiplicand         cstackCOMRAM 000003
___wmul@multiplier           cstackCOMRAM 000001
___wmul@product              cstackCOMRAM 000005
__accesstop                  (abs)        000060
__activetblptr               (abs)        000002
__end_of___aldiv             text11       00119C
__end_of___almod             text10       0013A6
__end_of___awmod             text9        00153A
__end_of___lmul              text15       00176A
__end_of___lwdiv             text18       0017BC
__end_of___lwmod             text20       001840
__end_of___wmul              text17       0018F8
__end_of__initialization     cinit        0017F4
__end_of_dpowers             smallconst   000817
__end_of_dylen               text8        001602
__end_of_gmtime              text7        000FE6
__end_of_init_str            smallconst   00081B
__end_of_isdigit             text5        001916
__end_of_isleap              text19       0016BC
__end_of_lcd_gotoxy          text4        0018A4
__end_of_lcd_init            text21       00124C
__end_of_localtime           text6        0014CA
__end_of_main                text0        00159E
__end_of_mktime              text12       000DDA
__end_of_moninit             smallconst   00080D
__end_of_months_to_days      text16       001876
__end_of_printf              text2        000BC8
__end_of_putch               text3        001714
__end_of_send_byte           text22       001930
__end_of_send_nibble         text23       0018D2
__end_of_show_time_by_clock  text1        0010D0
__end_of_years_to_days       text14       0012FA
__end_of_ymd_to_scalar       text13       00144C
__initialization             cinit        0017BC
__mediumconst                mediumconst  000000
__pbssBANK0                  bssBANK0     0000BE
__pbssCOMRAM                 bssCOMRAM    000050
__pcinit                     cinit        0017BC
__pcstackCOMRAM              cstackCOMRAM 000001
__pdataBANK0                 dataBANK0    000060
__pidataBANK0                idataBANK0   001602
__psmallconst                smallconst   000800
__ptext0                     text0        00153A
__ptext1                     text1        000FE6
__ptext10                    text10       0012FA
__ptext11                    text11       0010D0
__ptext12                    text12       000BC8
__ptext13                    text13       0013A6
__ptext14                    text14       00124C
__ptext15                    text15       001714
__ptext16                    text16       001840
__ptext17                    text17       0018D2
__ptext18                    text18       00176A
__ptext19                    text19       001660
__ptext2                     text2        0008C6
__ptext20                    text20       0017FE
__ptext21                    text21       00119C
__ptext22                    text22       001916
__ptext23                    text23       0018A4
__ptext3                     text3        0016BC
__ptext4                     text4        001876
__ptext5                     text5        0018F8
__ptext6                     text6        00144C
__ptext7                     text7        000DDA
__ptext8                     text8        00159E
__ptext9                     text9        0014CA
__ramtop                     ramtop       000800
__size_of___aldiv            (abs)        000000
__size_of___almod            (abs)        000000
__size_of___awmod            (abs)        000000
__size_of___lmul             (abs)        000000
__size_of___lwdiv            (abs)        000000
__size_of___lwmod            (abs)        000000
__size_of___wmul             (abs)        000000
__size_of_dylen              (abs)        000000
__size_of_gmtime             (abs)        000000
__size_of_isdigit            (abs)        000000
__size_of_isleap             (abs)        000000
__size_of_lcd_gotoxy         (abs)        000000
__size_of_lcd_init           (abs)        000000
__size_of_localtime          (abs)        000000
__size_of_main               (abs)        000000
__size_of_mktime             (abs)        000000
__size_of_months_to_days     (abs)        000000
__size_of_printf             (abs)        000000
__size_of_putch              (abs)        000000
__size_of_send_byte          (abs)        000000
__size_of_send_nibble        (abs)        000000
__size_of_show_time_by_clock (abs)        000000
__size_of_years_to_days      (abs)        000000
__size_of_ymd_to_scalar      (abs)        000000
__smallconst                 smallconst   000800
_clock                       bssCOMRAM    000056
_dpowers                     smallconst   00080D
_dylen                       text8        00159E
_gmtime                      text7        000DDA
_init_str                    smallconst   000817
_isdigit                     text5        0018F8
_isdigit$594                 cstackCOMRAM 000002
_isleap                      text19       001660
_isleap$657                  cstackCOMRAM 000017
_lcd_gotoxy                  text4        001876
_lcd_gotoxy$195              cstackCOMRAM 000008
_lcd_init                    text21       00119C
_localtime                   text6        00144C
_main                        text0        00153A
_mktime                      text12       000BC8
_moninit                     smallconst   000801
_months_to_days              text16       001840
_printf                      text2        0008C6
_putch                       text3        0016BC
_send_byte                   text22       001916
_send_nibble                 text23       0018A4
_show_time_by_clock          text1        000FE6
_time_zone                   bssCOMRAM    000054
_timezone                    bssCOMRAM    000050
_years_to_days               text14       00124C
_ymd_to_scalar               text13       0013A6
_ymd_to_scalar$670           cstackCOMRAM 000022
asctime@buf                  bssBANK0     0000BE
dylen@yr                     cstackCOMRAM 000013
end_of_initialization        cinit        0017F4
gmtime@tc                    cstackCOMRAM 00001C
gmtime@tim                   bssBANK0     0000D9
gmtime@tp                    cstackCOMRAM 000017
intlevel0                    text         000000
intlevel1                    text         000000
intlevel2                    text         000000
intlevel3                    text         000000
isdigit@c                    cstackCOMRAM 000003
isleap@yr                    cstackCOMRAM 000013
lcd_gotoxy@dir               cstackCOMRAM 00000A
lcd_gotoxy@x                 cstackCOMRAM 000007
lcd_gotoxy@y                 cstackCOMRAM 000006
lcd_init@i                   cstackCOMRAM 000007
localtime@t                  cstackCOMRAM 000026
localtime@tp                 cstackCOMRAM 000020
main@F3907                   dataBANK0    000090
main@tp                      cstackCOMRAM 00003E
mktime@timeptr               cstackCOMRAM 000028
mktime@tt                    cstackCOMRAM 000032
months_to_days@month         cstackCOMRAM 00000E
printf@ap                    cstackCOMRAM 000028
printf@c                     cstackCOMRAM 000031
printf@cp                    cstackCOMRAM 00002A
printf@f                     cstackCOMRAM 000013
printf@flag                  cstackCOMRAM 000030
printf@len                   cstackCOMRAM 00002E
printf@prec                  cstackCOMRAM 000027
printf@val                   cstackCOMRAM 00002C
printf@width                 cstackCOMRAM 000032
putch@c                      cstackCOMRAM 00000C
send_byte@comand             cstackCOMRAM 000005
send_byte@data               cstackCOMRAM 000004
send_nibble@comand           cstackCOMRAM 000002
send_nibble@data             cstackCOMRAM 000001
send_nibble@i                cstackCOMRAM 000003
show_time_by_clock@timer     cstackCOMRAM 000034
stackhi                      (abs)        0007FF
stacklo                      (abs)        0000EB
start                        init         000000
start_initialization         cinit        0017BC
time_lcd@dTs                 dataBANK0    0000A2
time_lcd@mTs                 dataBANK0    000060
years_to_days@ret            cstackCOMRAM 000014
years_to_days@yr             cstackCOMRAM 00000E
ymd_to_scalar@day            cstackCOMRAM 00001C
ymd_to_scalar@mo             cstackCOMRAM 00001A
ymd_to_scalar@scalar         cstackCOMRAM 000024
ymd_to_scalar@yr             cstackCOMRAM 000018


FUNCTION INFORMATION:

 *************** function _main *****************
 Defined at:
		line 7 in file "main.c"
 Parameters:    Size  Location     Type
		None
 Auto vars:     Size  Location     Type
  tp             18   61[COMRAM] struct tm
 Return value:  Size  Location     Type
                  1    wreg      void 
 Registers used:
		wreg, fsr1l, fsr1h, fsr2l, fsr2h, status,2, status,0, tblptrl, tblptrh, tblptru, prodl, prodh, cstack
 Tracked objects:
		On entry : 
		On exit  : 
		Unchanged: 
 Data sizes:     COMRAM   BANK0   BANK1   BANK2   BANK3   BANK4   BANK5   BANK6   BANK7
      Params:         0       0       0       0       0       0       0       0       0
      Locals:        18       0       0       0       0       0       0       0       0
      Temps:          2       0       0       0       0       0       0       0       0
      Totals:        20       0       0       0       0       0       0       0       0
Total ram usage:       20 bytes
 Hardware stack levels required when called:    6
 This function calls:
		_lcd_init
		_mktime
		_show_time_by_clock
 This function is called by:
		Startup code after reset
 This function uses a non-reentrant model


 *************** function _show_time_by_clock *****************
 Defined at:
		line 7 in file "time_lcd.c"
 Parameters:    Size  Location     Type
  timer           2   51[COMRAM] PTR struct tm
		 -> gmtime@tim(18), main@tp(18), 
 Auto vars:     Size  Location     Type
		None
 Return value:  Size  Location     Type
                  1    wreg      void 
 Registers used:
		wreg, fsr2l, fsr2h, status,2, status,0, tblptrl, tblptrh, tblptru, prodl, prodh, cstack
 Tracked objects:
		On entry : 
		On exit  : 
		Unchanged: 
 Data sizes:     COMRAM   BANK0   BANK1   BANK2   BANK3   BANK4   BANK5   BANK6   BANK7
      Params:         2       0       0       0       0       0       0       0       0
      Locals:         0       0       0       0       0       0       0       0       0
      Temps:          6       0       0       0       0       0       0       0       0
      Totals:         8       0       0       0       0       0       0       0       0
Total ram usage:        8 bytes
 Hardware stack levels used:    1
 Hardware stack levels required when called:    5
 This function calls:
		_localtime
		_printf
 This function is called by:
		_main
 This function uses a non-reentrant model


 *************** function _printf *****************
 Defined at:
		line 464 in file "C:\Program Files (x86)\Microchip\xc8\v1.45\sources\common\doprnt.c"
 Parameters:    Size  Location     Type
  f               2   18[COMRAM] PTR const unsigned char 
		 -> STR_39(35), 
 Auto vars:     Size  Location     Type
  tmpval          4    0        struct .
  width           2   49[COMRAM] int 
  len             2   45[COMRAM] unsigned int 
  val             2   43[COMRAM] unsigned int 
  cp              2   41[COMRAM] PTR const unsigned char 
		 -> STR_40(7), STR_38(3), STR_37(3), STR_36(3), 
		 -> STR_35(3), STR_34(3), STR_33(3), STR_32(3), 
		 -> STR_31(4), STR_30(4), STR_29(4), STR_28(4), 
		 -> STR_27(4), STR_26(4), STR_25(4), STR_24(4), 
		 -> STR_23(4), STR_22(4), STR_21(4), STR_20(4), 
  ap              2   39[COMRAM] PTR void [1]
		 -> ?_printf(2), 
  c               1   48[COMRAM] char 
  flag            1   47[COMRAM] unsigned char 
  prec            1   38[COMRAM] char 
 Return value:  Size  Location     Type
                  2   18[COMRAM] int 
 Registers used:
		wreg, fsr2l, fsr2h, status,2, status,0, tblptrl, tblptrh, tblptru, prodl, prodh, cstack
 Tracked objects:
		On entry : 
		On exit  : 
		Unchanged: 
 Data sizes:     COMRAM   BANK0   BANK1   BANK2   BANK3   BANK4   BANK5   BANK6   BANK7
      Params:        16       0       0       0       0       0       0       0       0
      Locals:        13       0       0       0       0       0       0       0       0
      Temps:          4       0       0       0       0       0       0       0       0
      Totals:        33       0       0       0       0       0       0       0       0
Total ram usage:       33 bytes
 Hardware stack levels used:    1
 Hardware stack levels required when called:    4
 This function calls:
		___lwdiv
		___lwmod
		___wmul
		_isdigit
		_putch
 This function is called by:
		_show_time_by_clock
 This function uses a non-reentrant model


 *************** function _putch *****************
 Defined at:
		line 42 in file "lcd.c"
 Parameters:    Size  Location     Type
  c               1    wreg     unsigned char 
 Auto vars:     Size  Location     Type
  c               1   11[COMRAM] unsigned char 
 Return value:  Size  Location     Type
                  1    wreg      void 
 Registers used:
		wreg, status,2, status,0, cstack
 Tracked objects:
		On entry : 
		On exit  : 
		Unchanged: 
 Data sizes:     COMRAM   BANK0   BANK1   BANK2   BANK3   BANK4   BANK5   BANK6   BANK7
      Params:         0       0       0       0       0       0       0       0       0
      Locals:         1       0       0       0       0       0       0       0       0
      Temps:          1       0       0       0       0       0       0       0       0
      Totals:         2       0       0       0       0       0       0       0       0
Total ram usage:        2 bytes
 Hardware stack levels used:    1
 Hardware stack levels required when called:    3
 This function calls:
		_lcd_gotoxy
		_send_byte
 This function is called by:
		_printf
 This function uses a non-reentrant model


 *************** function _lcd_gotoxy *****************
 Defined at:
		line 22 in file "lcd.c"
 Parameters:    Size  Location     Type
  x               1    wreg     unsigned char 
  y               1    5[COMRAM] unsigned char 
 Auto vars:     Size  Location     Type
  x               1    6[COMRAM] unsigned char 
  dir             1    9[COMRAM] unsigned char 
 Return value:  Size  Location     Type
                  1    wreg      void 
 Registers used:
		wreg, status,2, status,0, cstack
 Tracked objects:
		On entry : 
		On exit  : 
		Unchanged: 
 Data sizes:     COMRAM   BANK0   BANK1   BANK2   BANK3   BANK4   BANK5   BANK6   BANK7
      Params:         1       0       0       0       0       0       0       0       0
      Locals:         4       0       0       0       0       0       0       0       0
      Temps:          0       0       0       0       0       0       0       0       0
      Totals:         5       0       0       0       0       0       0       0       0
Total ram usage:        5 bytes
 Hardware stack levels used:    1
 Hardware stack levels required when called:    2
 This function calls:
		_send_byte
 This function is called by:
		_putch
 This function uses a non-reentrant model


 *************** function _isdigit *****************
 Defined at:
		line 8 in file "C:\Program Files (x86)\Microchip\xc8\v1.45\sources\common\isdigit.c"
 Parameters:    Size  Location     Type
  c               1    wreg     unsigned char 
 Auto vars:     Size  Location     Type
  c               1    2[COMRAM] unsigned char 
 Return value:  Size  Location     Type
		None               void
 Registers used:
		wreg, status,2, status,0
 Tracked objects:
		On entry : 
		On exit  : 
		Unchanged: 
 Data sizes:     COMRAM   BANK0   BANK1   BANK2   BANK3   BANK4   BANK5   BANK6   BANK7
      Params:         0       0       0       0       0       0       0       0       0
      Locals:         2       0       0       0       0       0       0       0       0
      Temps:          1       0       0       0       0       0       0       0       0
      Totals:         3       0       0       0       0       0       0       0       0
Total ram usage:        3 bytes
 Hardware stack levels used:    1
 This function calls:
		Nothing
 This function is called by:
		_printf
 This function uses a non-reentrant model


 *************** function _localtime *****************
 Defined at:
		line 19 in file "C:\Program Files (x86)\Microchip\xc8\v1.45\sources\common\ctime.c"
 Parameters:    Size  Location     Type
  tp              2   31[COMRAM] PTR const long 
		 -> clock(4), 
 Auto vars:     Size  Location     Type
  t               4   37[COMRAM] long 
 Return value:  Size  Location     Type
                  2   31[COMRAM] PTR struct tm
 Registers used:
		wreg, fsr2l, fsr2h, status,2, status,0, tblptrl, tblptrh, tblptru, cstack
 Tracked objects:
		On entry : 
		On exit  : 
		Unchanged: 
 Data sizes:     COMRAM   BANK0   BANK1   BANK2   BANK3   BANK4   BANK5   BANK6   BANK7
      Params:         2       0       0       0       0       0       0       0       0
      Locals:         4       0       0       0       0       0       0       0       0
      Temps:          4       0       0       0       0       0       0       0       0
      Totals:        10       0       0       0       0       0       0       0       0
Total ram usage:       10 bytes
 Hardware stack levels used:    1
 Hardware stack levels required when called:    3
 This function calls:
		___lmul
		_gmtime
 This function is called by:
		_show_time_by_clock
 This function uses a non-reentrant model


 *************** function _gmtime *****************
 Defined at:
		line 28 in file "C:\Program Files (x86)\Microchip\xc8\v1.45\sources\common\ctime.c"
 Parameters:    Size  Location     Type
  tp              2   22[COMRAM] PTR const long 
		 -> localtime@t(4), 
 Auto vars:     Size  Location     Type
  tc              4   27[COMRAM] struct .
 Return value:  Size  Location     Type
                  2   22[COMRAM] PTR struct tm
 Registers used:
		wreg, fsr2l, fsr2h, status,2, status,0, tblptrl, tblptrh, tblptru, cstack
 Tracked objects:
		On entry : 
		On exit  : 
		Unchanged: 
 Data sizes:     COMRAM   BANK0   BANK1   BANK2   BANK3   BANK4   BANK5   BANK6   BANK7
      Params:         2       0       0       0       0       0       0       0       0
      Locals:         4       0       0       0       0       0       0       0       0
      Temps:          3       0       0       0       0       0       0       0       0
      Totals:         9       0       0       0       0       0       0       0       0
Total ram usage:        9 bytes
 Hardware stack levels used:    1
 Hardware stack levels required when called:    2
 This function calls:
		___aldiv
		___almod
		___awmod
		_dylen
 This function is called by:
		_localtime
 This function uses a non-reentrant model


 *************** function _dylen *****************
 Defined at:
		line 11 in file "C:\Program Files (x86)\Microchip\xc8\v1.45\sources\common\ctime.c"
 Parameters:    Size  Location     Type
  yr              2   18[COMRAM] unsigned int 
 Auto vars:     Size  Location     Type
		None
 Return value:  Size  Location     Type
                  2   18[COMRAM] int 
 Registers used:
		wreg, status,2, status,0, cstack
 Tracked objects:
		On entry : 
		On exit  : 
		Unchanged: 
 Data sizes:     COMRAM   BANK0   BANK1   BANK2   BANK3   BANK4   BANK5   BANK6   BANK7
      Params:         2       0       0       0       0       0       0       0       0
      Locals:         0       0       0       0       0       0       0       0       0
      Temps:          2       0       0       0       0       0       0       0       0
      Totals:         4       0       0       0       0       0       0       0       0
Total ram usage:        4 bytes
 Hardware stack levels used:    1
 Hardware stack levels required when called:    1
 This function calls:
		___lwmod
 This function is called by:
		_gmtime
 This function uses a non-reentrant model


 *************** function ___awmod *****************
 Defined at:
		line 8 in file "C:\Program Files (x86)\Microchip\xc8\v1.45\sources\common\awmod.c"
 Parameters:    Size  Location     Type
  dividend        2    0[COMRAM] int 
  divisor         2    2[COMRAM] int 
 Auto vars:     Size  Location     Type
  sign            1    5[COMRAM] unsigned char 
  counter         1    4[COMRAM] unsigned char 
 Return value:  Size  Location     Type
                  2    0[COMRAM] int 
 Registers used:
		wreg, status,2, status,0
 Tracked objects:
		On entry : 
		On exit  : 
		Unchanged: 
 Data sizes:     COMRAM   BANK0   BANK1   BANK2   BANK3   BANK4   BANK5   BANK6   BANK7
      Params:         4       0       0       0       0       0       0       0       0
      Locals:         2       0       0       0       0       0       0       0       0
      Temps:          0       0       0       0       0       0       0       0       0
      Totals:         6       0       0       0       0       0       0       0       0
Total ram usage:        6 bytes
 Hardware stack levels used:    1
 This function calls:
		Nothing
 This function is called by:
		_gmtime
		_asctime
 This function uses a non-reentrant model


 *************** function ___almod *****************
 Defined at:
		line 8 in file "C:\Program Files (x86)\Microchip\xc8\v1.45\sources\common\almod.c"
 Parameters:    Size  Location     Type
  dividend        4    0[COMRAM] long 
  divisor         4    4[COMRAM] long 
 Auto vars:     Size  Location     Type
  sign            1    9[COMRAM] unsigned char 
  counter         1    8[COMRAM] unsigned char 
 Return value:  Size  Location     Type
                  4    0[COMRAM] long 
 Registers used:
		wreg, status,2, status,0
 Tracked objects:
		On entry : 
		On exit  : 
		Unchanged: 
 Data sizes:     COMRAM   BANK0   BANK1   BANK2   BANK3   BANK4   BANK5   BANK6   BANK7
      Params:         8       0       0       0       0       0       0       0       0
      Locals:         2       0       0       0       0       0       0       0       0
      Temps:          0       0       0       0       0       0       0       0       0
      Totals:        10       0       0       0       0       0       0       0       0
Total ram usage:       10 bytes
 Hardware stack levels used:    1
 This function calls:
		Nothing
 This function is called by:
		_gmtime
 This function uses a non-reentrant model


 *************** function ___aldiv *****************
 Defined at:
		line 8 in file "C:\Program Files (x86)\Microchip\xc8\v1.45\sources\common\aldiv.c"
 Parameters:    Size  Location     Type
  dividend        4    0[COMRAM] long 
  divisor         4    4[COMRAM] long 
 Auto vars:     Size  Location     Type
  quotient        4   10[COMRAM] long 
  sign            1    9[COMRAM] unsigned char 
  counter         1    8[COMRAM] unsigned char 
 Return value:  Size  Location     Type
                  4    0[COMRAM] long 
 Registers used:
		wreg, status,2, status,0
 Tracked objects:
		On entry : 
		On exit  : 
		Unchanged: 
 Data sizes:     COMRAM   BANK0   BANK1   BANK2   BANK3   BANK4   BANK5   BANK6   BANK7
      Params:         8       0       0       0       0       0       0       0       0
      Locals:         6       0       0       0       0       0       0       0       0
      Temps:          0       0       0       0       0       0       0       0       0
      Totals:        14       0       0       0       0       0       0       0       0
Total ram usage:       14 bytes
 Hardware stack levels used:    1
 This function calls:
		Nothing
 This function is called by:
		_gmtime
 This function uses a non-reentrant model


 *************** function _mktime *****************
 Defined at:
		line 52 in file "C:\Program Files (x86)\Microchip\xc8\v1.45\sources\common\mktime.c"
 Parameters:    Size  Location     Type
  timeptr         2   39[COMRAM] PTR struct tm
		 -> main@tp(18), 
 Auto vars:     Size  Location     Type
  tt              4   49[COMRAM] long 
 Return value:  Size  Location     Type
                  4   39[COMRAM] long 
 Registers used:
		wreg, fsr2l, fsr2h, status,2, status,0, prodl, prodh, cstack
 Tracked objects:
		On entry : 
		On exit  : 
		Unchanged: 
 Data sizes:     COMRAM   BANK0   BANK1   BANK2   BANK3   BANK4   BANK5   BANK6   BANK7
      Params:         4       0       0       0       0       0       0       0       0
      Locals:         4       0       0       0       0       0       0       0       0
      Temps:          6       0       0       0       0       0       0       0       0
      Totals:        14       0       0       0       0       0       0       0       0
Total ram usage:       14 bytes
 Hardware stack levels used:    1
 Hardware stack levels required when called:    3
 This function calls:
		___lmul
		_ymd_to_scalar
 This function is called by:
		_main
 This function uses a non-reentrant model


 *************** function _ymd_to_scalar *****************
 Defined at:
		line 40 in file "C:\Program Files (x86)\Microchip\xc8\v1.45\sources\common\mktime.c"
 Parameters:    Size  Location     Type
  yr              2   23[COMRAM] unsigned int 
  mo              2   25[COMRAM] unsigned int 
  day             2   27[COMRAM] unsigned int 
 Auto vars:     Size  Location     Type
  scalar          4   35[COMRAM] long 
 Return value:  Size  Location     Type
                  4   23[COMRAM] long 
 Registers used:
		wreg, status,2, status,0, prodl, prodh, cstack
 Tracked objects:
		On entry : 
		On exit  : 
		Unchanged: 
 Data sizes:     COMRAM   BANK0   BANK1   BANK2   BANK3   BANK4   BANK5   BANK6   BANK7
      Params:         6       0       0       0       0       0       0       0       0
      Locals:         6       0       0       0       0       0       0       0       0
      Temps:          4       0       0       0       0       0       0       0       0
      Totals:        16       0       0       0       0       0       0       0       0
Total ram usage:       16 bytes
 Hardware stack levels used:    1
 Hardware stack levels required when called:    2
 This function calls:
		_isleap
		_months_to_days
		_years_to_days
 This function is called by:
		_mktime
 This function uses a non-reentrant model


 *************** function _years_to_days *****************
 Defined at:
		line 18 in file "C:\Program Files (x86)\Microchip\xc8\v1.45\sources\common\mktime.c"
 Parameters:    Size  Location     Type
  yr              2   13[COMRAM] unsigned int 
 Auto vars:     Size  Location     Type
  ret             4   19[COMRAM] long 
 Return value:  Size  Location     Type
                  4   13[COMRAM] long 
 Registers used:
		wreg, status,2, status,0, cstack
 Tracked objects:
		On entry : 
		On exit  : 
		Unchanged: 
 Data sizes:     COMRAM   BANK0   BANK1   BANK2   BANK3   BANK4   BANK5   BANK6   BANK7
      Params:         4       0       0       0       0       0       0       0       0
      Locals:         4       0       0       0       0       0       0       0       0
      Temps:          2       0       0       0       0       0       0       0       0
      Totals:        10       0       0       0       0       0       0       0       0
Total ram usage:       10 bytes
 Hardware stack levels used:    1
 Hardware stack levels required when called:    1
 This function calls:
		___lmul
		___lwdiv
 This function is called by:
		_ymd_to_scalar
 This function uses a non-reentrant model


 *************** function ___lmul *****************
 Defined at:
		line 15 in file "C:\Program Files (x86)\Microchip\xc8\v1.45\sources\common\Umul32.c"
 Parameters:    Size  Location     Type
  multiplier      4    0[COMRAM] unsigned long 
  multiplicand    4    4[COMRAM] unsigned long 
 Auto vars:     Size  Location     Type
  product         4    8[COMRAM] unsigned long 
 Return value:  Size  Location     Type
                  4    0[COMRAM] unsigned long 
 Registers used:
		wreg, status,2, status,0
 Tracked objects:
		On entry : 
		On exit  : 
		Unchanged: 
 Data sizes:     COMRAM   BANK0   BANK1   BANK2   BANK3   BANK4   BANK5   BANK6   BANK7
      Params:         8       0       0       0       0       0       0       0       0
      Locals:         4       0       0       0       0       0       0       0       0
      Temps:          0       0       0       0       0       0       0       0       0
      Totals:        12       0       0       0       0       0       0       0       0
Total ram usage:       12 bytes
 Hardware stack levels used:    1
 This function calls:
		Nothing
 This function is called by:
		_localtime
		_years_to_days
		_mktime
 This function uses a non-reentrant model


 *************** function _months_to_days *****************
 Defined at:
		line 12 in file "C:\Program Files (x86)\Microchip\xc8\v1.45\sources\common\mktime.c"
 Parameters:    Size  Location     Type
  month           2   13[COMRAM] unsigned int 
 Auto vars:     Size  Location     Type
		None
 Return value:  Size  Location     Type
                  2   13[COMRAM] unsigned int 
 Registers used:
		wreg, status,2, status,0, prodl, prodh, cstack
 Tracked objects:
		On entry : 
		On exit  : 
		Unchanged: 
 Data sizes:     COMRAM   BANK0   BANK1   BANK2   BANK3   BANK4   BANK5   BANK6   BANK7
      Params:         2       0       0       0       0       0       0       0       0
      Locals:         0       0       0       0       0       0       0       0       0
      Temps:          0       0       0       0       0       0       0       0       0
      Totals:         2       0       0       0       0       0       0       0       0
Total ram usage:        2 bytes
 Hardware stack levels used:    1
 Hardware stack levels required when called:    1
 This function calls:
		___lwdiv
		___wmul
 This function is called by:
		_ymd_to_scalar
 This function uses a non-reentrant model


 *************** function ___wmul *****************
 Defined at:
		line 15 in file "C:\Program Files (x86)\Microchip\xc8\v1.45\sources\common\Umul16.c"
 Parameters:    Size  Location     Type
  multiplier      2    0[COMRAM] unsigned int 
  multiplicand    2    2[COMRAM] unsigned int 
 Auto vars:     Size  Location     Type
  product         2    4[COMRAM] unsigned int 
 Return value:  Size  Location     Type
                  2    0[COMRAM] unsigned int 
 Registers used:
		wreg, status,2, status,0, prodl, prodh
 Tracked objects:
		On entry : 
		On exit  : 
		Unchanged: 
 Data sizes:     COMRAM   BANK0   BANK1   BANK2   BANK3   BANK4   BANK5   BANK6   BANK7
      Params:         4       0       0       0       0       0       0       0       0
      Locals:         2       0       0       0       0       0       0       0       0
      Temps:          0       0       0       0       0       0       0       0       0
      Totals:         6       0       0       0       0       0       0       0       0
Total ram usage:        6 bytes
 Hardware stack levels used:    1
 This function calls:
		Nothing
 This function is called by:
		_printf
		_months_to_days
		_asctime
 This function uses a non-reentrant model


 *************** function ___lwdiv *****************
 Defined at:
		line 8 in file "C:\Program Files (x86)\Microchip\xc8\v1.45\sources\common\lwdiv.c"
 Parameters:    Size  Location     Type
  dividend        2    6[COMRAM] unsigned int 
  divisor         2    8[COMRAM] unsigned int 
 Auto vars:     Size  Location     Type
  quotient        2   10[COMRAM] unsigned int 
  counter         1   12[COMRAM] unsigned char 
 Return value:  Size  Location     Type
                  2    6[COMRAM] unsigned int 
 Registers used:
		wreg, status,2, status,0
 Tracked objects:
		On entry : 
		On exit  : 
		Unchanged: 
 Data sizes:     COMRAM   BANK0   BANK1   BANK2   BANK3   BANK4   BANK5   BANK6   BANK7
      Params:         4       0       0       0       0       0       0       0       0
      Locals:         3       0       0       0       0       0       0       0       0
      Temps:          0       0       0       0       0       0       0       0       0
      Totals:         7       0       0       0       0       0       0       0       0
Total ram usage:        7 bytes
 Hardware stack levels used:    1
 This function calls:
		Nothing
 This function is called by:
		_printf
		_months_to_days
		_years_to_days
 This function uses a non-reentrant model


 *************** function _isleap *****************
 Defined at:
		line 6 in file "C:\Program Files (x86)\Microchip\xc8\v1.45\sources\common\mktime.c"
 Parameters:    Size  Location     Type
  yr              2   18[COMRAM] unsigned int 
 Auto vars:     Size  Location     Type
		None
 Return value:  Size  Location     Type
                  2   18[COMRAM] int 
 Registers used:
		wreg, status,2, status,0, cstack
 Tracked objects:
		On entry : 
		On exit  : 
		Unchanged: 
 Data sizes:     COMRAM   BANK0   BANK1   BANK2   BANK3   BANK4   BANK5   BANK6   BANK7
      Params:         2       0       0       0       0       0       0       0       0
      Locals:         1       0       0       0       0       0       0       0       0
      Temps:          2       0       0       0       0       0       0       0       0
      Totals:         5       0       0       0       0       0       0       0       0
Total ram usage:        5 bytes
 Hardware stack levels used:    1
 Hardware stack levels required when called:    1
 This function calls:
		___lwmod
 This function is called by:
		_ymd_to_scalar
 This function uses a non-reentrant model


 *************** function ___lwmod *****************
 Defined at:
		line 8 in file "C:\Program Files (x86)\Microchip\xc8\v1.45\sources\common\lwmod.c"
 Parameters:    Size  Location     Type
  dividend        2   13[COMRAM] unsigned int 
  divisor         2   15[COMRAM] unsigned int 
 Auto vars:     Size  Location     Type
  counter         1   17[COMRAM] unsigned char 
 Return value:  Size  Location     Type
                  2   13[COMRAM] unsigned int 
 Registers used:
		wreg, status,2, status,0
 Tracked objects:
		On entry : 
		On exit  : 
		Unchanged: 
 Data sizes:     COMRAM   BANK0   BANK1   BANK2   BANK3   BANK4   BANK5   BANK6   BANK7
      Params:         4       0       0       0       0       0       0       0       0
      Locals:         1       0       0       0       0       0       0       0       0
      Temps:          0       0       0       0       0       0       0       0       0
      Totals:         5       0       0       0       0       0       0       0       0
Total ram usage:        5 bytes
 Hardware stack levels used:    1
 This function calls:
		Nothing
 This function is called by:
		_printf
		_dylen
		_isleap
 This function uses a non-reentrant model


 *************** function _lcd_init *****************
 Defined at:
		line 27 in file "lcd.c"
 Parameters:    Size  Location     Type
		None
 Auto vars:     Size  Location     Type
  i               1    6[COMRAM] unsigned char 
 Return value:  Size  Location     Type
                  1    wreg      void 
 Registers used:
		wreg, status,2, status,0, tblptrl, tblptrh, tblptru, prodl, prodh, cstack
 Tracked objects:
		On entry : 
		On exit  : 
		Unchanged: 
 Data sizes:     COMRAM   BANK0   BANK1   BANK2   BANK3   BANK4   BANK5   BANK6   BANK7
      Params:         0       0       0       0       0       0       0       0       0
      Locals:         1       0       0       0       0       0       0       0       0
      Temps:          1       0       0       0       0       0       0       0       0
      Totals:         2       0       0       0       0       0       0       0       0
Total ram usage:        2 bytes
 Hardware stack levels used:    1
 Hardware stack levels required when called:    2
 This function calls:
		_send_byte
		_send_nibble
 This function is called by:
		_main
 This function uses a non-reentrant model


 *************** function _send_byte *****************
 Defined at:
		line 11 in file "lcd.c"
 Parameters:    Size  Location     Type
  comand          1    wreg     unsigned char 
  data            1    3[COMRAM] unsigned char 
 Auto vars:     Size  Location     Type
  comand          1    4[COMRAM] unsigned char 
 Return value:  Size  Location     Type
                  1    wreg      void 
 Registers used:
		wreg, status,2, status,0, cstack
 Tracked objects:
		On entry : 
		On exit  : 
		Unchanged: 
 Data sizes:     COMRAM   BANK0   BANK1   BANK2   BANK3   BANK4   BANK5   BANK6   BANK7
      Params:         1       0       0       0       0       0       0       0       0
      Locals:         1       0       0       0       0       0       0       0       0
      Temps:          0       0       0       0       0       0       0       0       0
      Totals:         2       0       0       0       0       0       0       0       0
Total ram usage:        2 bytes
 Hardware stack levels used:    1
 Hardware stack levels required when called:    1
 This function calls:
		_send_nibble
 This function is called by:
		_lcd_gotoxy
		_lcd_init
		_putch
		_set_sgram_byte
 This function uses a non-reentrant model


 *************** function _send_nibble *****************
 Defined at:
		line 4 in file "lcd.c"
 Parameters:    Size  Location     Type
  comand          1    wreg     unsigned char 
  data            1    0[COMRAM] unsigned char 
 Auto vars:     Size  Location     Type
  comand          1    1[COMRAM] unsigned char 
  i               1    2[COMRAM] unsigned char 
 Return value:  Size  Location     Type
                  1    wreg      void 
 Registers used:
		wreg, status,2, status,0
 Tracked objects:
		On entry : 
		On exit  : 
		Unchanged: 
 Data sizes:     COMRAM   BANK0   BANK1   BANK2   BANK3   BANK4   BANK5   BANK6   BANK7
      Params:         1       0       0       0       0       0       0       0       0
      Locals:         2       0       0       0       0       0       0       0       0
      Temps:          0       0       0       0       0       0       0       0       0
      Totals:         3       0       0       0       0       0       0       0       0
Total ram usage:        3 bytes
 Hardware stack levels used:    1
 This function calls:
		Nothing
 This function is called by:
		_send_byte
		_lcd_init
 This function uses a non-reentrant model



MODULE INFORMATION

Module		Function		Class		Link	Load	Size
C:\Program Files (x86)\Microchip\xc8\v1.45\sources\common\doprnt.c
		_printf        		CODE           	08C6	0000	771

C:\Program Files (x86)\Microchip\xc8\v1.45\sources\common\doprnt.c estimated size: 771

C:\Program Files (x86)\Microchip\xc8\v1.45\sources\common\Umul16.c
		___wmul        		CODE           	18D2	0000	39

C:\Program Files (x86)\Microchip\xc8\v1.45\sources\common\Umul16.c estimated size: 39

C:\Program Files (x86)\Microchip\xc8\v1.45\sources\common\isdigit.c
		_isdigit       		CODE           	18F8	0000	31

C:\Program Files (x86)\Microchip\xc8\v1.45\sources\common\isdigit.c estimated size: 31

C:\Program Files (x86)\Microchip\xc8\v1.45\sources\common\lwmod.c
		___lwmod       		CODE           	17FE	0000	67

C:\Program Files (x86)\Microchip\xc8\v1.45\sources\common\lwmod.c estimated size: 67

C:\Program Files (x86)\Microchip\xc8\v1.45\sources\common\awmod.c
		___awmod       		CODE           	14CA	0000	113

C:\Program Files (x86)\Microchip\xc8\v1.45\sources\common\awmod.c estimated size: 113

C:\Program Files (x86)\Microchip\xc8\v1.45\sources\common\almod.c
		___almod       		CODE           	12FA	0000	173

C:\Program Files (x86)\Microchip\xc8\v1.45\sources\common\almod.c estimated size: 173

C:\Program Files (x86)\Microchip\xc8\v1.45\sources\common\Umul32.c
		___lmul        		CODE           	1714	0000	87

C:\Program Files (x86)\Microchip\xc8\v1.45\sources\common\Umul32.c estimated size: 87

time_lcd.c
		_show_time_by_clock		CODE           	0FE6	0000	235

time_lcd.c estimated size: 235

shared
		_moninit       		SMALLCONST     	0801	0000	13
		_dpowers       		SMALLCONST     	080D	0000	11
		__initialization		CODE           	17BC	0000	57
		_init_str      		SMALLCONST     	0817	0000	5

shared estimated size: 86

C:\Program Files (x86)\Microchip\xc8\v1.45\sources\common\ctime.c
		_gmtime        		CODE           	0DDA	0000	525
		_localtime     		CODE           	144C	0000	127
		_dylen         		CODE           	159E	0000	101

C:\Program Files (x86)\Microchip\xc8\v1.45\sources\common\ctime.c estimated size: 753

C:\Program Files (x86)\Microchip\xc8\v1.45\sources\common\mktime.c
		_mktime        		CODE           	0BC8	0000	531
		_isleap        		CODE           	1660	0000	93
		_months_to_days		CODE           	1840	0000	55
		_ymd_to_scalar 		CODE           	13A6	0000	167
		_years_to_days 		CODE           	124C	0000	175

C:\Program Files (x86)\Microchip\xc8\v1.45\sources\common\mktime.c estimated size: 1021

C:\Program Files (x86)\Microchip\xc8\v1.45\sources\common\lwdiv.c
		___lwdiv       		CODE           	176A	0000	83

C:\Program Files (x86)\Microchip\xc8\v1.45\sources\common\lwdiv.c estimated size: 83

lcd.c
		_send_byte     		CODE           	1916	0000	27
		_putch         		CODE           	16BC	0000	89
		_send_nibble   		CODE           	18A4	0000	47
		_lcd_gotoxy    		CODE           	1876	0000	47
		_lcd_init      		CODE           	119C	0000	177

lcd.c estimated size: 387

C:\Program Files (x86)\Microchip\xc8\v1.45\sources\common\aldiv.c
		___aldiv       		CODE           	10D0	0000	205

C:\Program Files (x86)\Microchip\xc8\v1.45\sources\common\aldiv.c estimated size: 205

main.c
		_main          		CODE           	153A	0000	101

main.c estimated size: 101

