MPLINK 5.08, LINKER
Linker Map File - Created Tue Jun 05 08:32:01 2018

                                 Section Info
                  Section       Type    Address   Location Size(Bytes)
                ---------  ---------  ---------  ---------  ---------
                 RES_VECT       code   0x000000    program   0x000004
                   .cinit    romdata   0x000004    program   0x000002
                   .org_0       code   0x001000    program   0x000054
.config_300000_BUILD/DEFAULT/PRODUCTION/MAIN.O    romdata   0x300000    program   0x000001
.config_300001_BUILD/DEFAULT/PRODUCTION/MAIN.O    romdata   0x300001    program   0x000001
.config_300002_BUILD/DEFAULT/PRODUCTION/MAIN.O    romdata   0x300002    program   0x000001
.config_300003_BUILD/DEFAULT/PRODUCTION/MAIN.O    romdata   0x300003    program   0x000001
.config_300005_BUILD/DEFAULT/PRODUCTION/MAIN.O    romdata   0x300005    program   0x000001
.config_300006_BUILD/DEFAULT/PRODUCTION/MAIN.O    romdata   0x300006    program   0x000001
.config_300008_BUILD/DEFAULT/PRODUCTION/MAIN.O    romdata   0x300008    program   0x000001
.config_300009_BUILD/DEFAULT/PRODUCTION/MAIN.O    romdata   0x300009    program   0x000001
.config_30000A_BUILD/DEFAULT/PRODUCTION/MAIN.O    romdata   0x30000a    program   0x000001
.config_30000B_BUILD/DEFAULT/PRODUCTION/MAIN.O    romdata   0x30000b    program   0x000001
.config_30000C_BUILD/DEFAULT/PRODUCTION/MAIN.O    romdata   0x30000c    program   0x000001
.config_30000D_BUILD/DEFAULT/PRODUCTION/MAIN.O    romdata   0x30000d    program   0x000001



                              Program Memory Usage 
                               Start         End      
                           ---------   ---------      
                            0x000000    0x000005      
                            0x001000    0x001053      
                            0x300000    0x300003      
                            0x300005    0x300006      
                            0x300008    0x30000d      
            102 out of 33048 program addresses used, program memory utilization is 0%



                              Symbols - Sorted by Name
                     Name    Address   Location    Storage File                     
                ---------  ---------  ---------  --------- ---------                
               DelayOneMs   0x00103e    program     static C:\Users\ivan-\Documents\MEGAsync\Microcontroladores\MPLAB\ASM\uart2.X\main.asm
                    START   0x001000    program     static C:\Users\ivan-\Documents\MEGAsync\Microcontroladores\MPLAB\ASM\uart2.X\main.asm
             _.org_0_1036   0x001036    program     static C:\Users\ivan-\Documents\MEGAsync\Microcontroladores\MPLAB\ASM\uart2.X\main.asm
                    ciclo   0x00101a    program     static C:\Users\ivan-\Documents\MEGAsync\Microcontroladores\MPLAB\ASM\uart2.X\main.asm
                     ret1   0x001042    program     static C:\Users\ivan-\Documents\MEGAsync\Microcontroladores\MPLAB\ASM\uart2.X\main.asm
                     ret2   0x001046    program     static C:\Users\ivan-\Documents\MEGAsync\Microcontroladores\MPLAB\ASM\uart2.X\main.asm



                              Symbols - Sorted by Address
                     Name    Address   Location    Storage File                     
                ---------  ---------  ---------  --------- ---------                
                    START   0x001000    program     static C:\Users\ivan-\Documents\MEGAsync\Microcontroladores\MPLAB\ASM\uart2.X\main.asm
                    ciclo   0x00101a    program     static C:\Users\ivan-\Documents\MEGAsync\Microcontroladores\MPLAB\ASM\uart2.X\main.asm
             _.org_0_1036   0x001036    program     static C:\Users\ivan-\Documents\MEGAsync\Microcontroladores\MPLAB\ASM\uart2.X\main.asm
               DelayOneMs   0x00103e    program     static C:\Users\ivan-\Documents\MEGAsync\Microcontroladores\MPLAB\ASM\uart2.X\main.asm
                     ret1   0x001042    program     static C:\Users\ivan-\Documents\MEGAsync\Microcontroladores\MPLAB\ASM\uart2.X\main.asm
                     ret2   0x001046    program     static C:\Users\ivan-\Documents\MEGAsync\Microcontroladores\MPLAB\ASM\uart2.X\main.asm


